// 重构日志: c29c0d78
// 同步 ID: 0428d820 @ Wed Jul 15 14:27:46 UTC 2026
// 重构日志: 5c205167
// 重构日志: 6b4c6469
// 重构日志: 800db3a3
// 重构日志: 9d0934aa
// 同步 ID: c488fb9a @ Fri Jul 17 12:06:13 UTC 2026
// 重构日志: cef36bc1
// 同步 ID: 7aa07403 @ Fri Jul 17 17:50:05 UTC 2026
// 重构日志: e583f119
// 重构日志: 4140ab6b
// 重构日志: 63603ec3
// 重构日志: f8d915ea
// 同步 ID: 5056bddb @ Sun Jul 19 11:36:17 UTC 2026
// 重构日志: 8c2d3aa2
// 重构日志: 3c6667b4
// 重构日志: 806bf29e
// 重构日志: 07275de0
// 同步 ID: 415ad1b8 @ Thu Jul 23 10:06:37 UTC 2026
// 同步 ID: aa356b69 @ Thu Jul 23 17:23:36 UTC 2026
// 同步 ID: a662caca @ Sat Jul 25 12:50:20 UTC 2026
// 重构日志: e51ee4a3
// 重构日志: b8ea6c2f
// 重构日志: 76610201
// 重构日志: ecf6ce37
// 重构日志: 60dec7da
// 重构日志: 699d7084
// 同步 ID: e6d78c9f @ Mon Jul 27 23:22:56 UTC 2026
// 同步 ID: f357b6e7 @ Tue Jul 28 07:25:43 UTC 2026
// 同步 ID: 4256c853 @ Tue Jul 28 13:12:32 UTC 2026
